      4 osd2013-slides.html
      4 _reputil_rasmuserik_hashcolor.png
      4 Skolevangen_I_og_II_referat_261112.docx
      4 Skolevangen_I_og_II_Referat_280113.docx
      4 _solapp_rasmuserik_platformenv.png
      5 apple-touch-icon-152x152-precomposed.png
      5 apple-touch-icon-76x76-precomposed.png
      5 planetcute
      5 _reputil_rasmuserik_uutil.png
      5 Skolevangen_I_og_II_referat_160413.docx
      5 sporgetjeneste
      6 morse-code
      6 private
      6 _reputil_rasmuserik_reputil.png
      6 single-touch-snake
      6 wp-includes
      7 DBC-as
      7 reputil
      7 _reputil_rasmuserik_jsonml2html.png
      7 s
      8 apple-touch-icon-120x120-precomposed.png
     12 onetwo360
     13 kbh-parking
     13 UCC-Organism
     14 docs
     14 frie-sange
     16 sketch-note-draw
     17 360
     19 combigame
     20 apple-touch-icon-precomposed.png
     20 tsar_tnoc
     23 files
     28 _[%22qp%20startup%22,%22http:
     28 blobshot
     29 html5
     29 tsartnoc
     30 hack4dk
     30 visualisering-af-relationer
     34 theodorelias
     36 update-server-from-webroot
     48 travis-ok
     50 solsort.js
     60 _solsort_360.png
     66 _kbh_parking.js
    106 DBCDK
    205 _
    253 slides
    361 _logger.js
    434 _s
    448 _korskolen.gif
    491 skolevangen
    533 index.html
    559 admin
    895 rasmuserik.html
    906 api
   1583 /
   2126 icons
   2387 rasmuserik
   3172 notes
  11415 style.css
  12200 bibdata-process
  13859 robots.txt
  16043 ws
  25426 bib
 131147 index
 631863 bibdata
2225737 _relvis_log.js
